// Jest Snapshot v1, https://goo.gl/fbAQLP

exports[`the config + setup files run 1`] = `42`;

exports[`the config + setup files run 2`] = `true`;

exports[`the config + setup files run 3`] = `true`;
