// Jest Snapshot v1, https://goo.gl/fbAQLP

exports[`renders correctly 1`] = `
<a
  href="https://aspect.build"
>
  Aspect
</a>
`;
